black
fg=black,bg=black
0
fg=black,bg=black
red
fg=red,bg=red
1
fg=red,bg=red
green
fg=green,bg=green
2
fg=green,bg=green
yellow
fg=yellow,bg=yellow
3
fg=yellow,bg=yellow
blue
fg=blue,bg=blue
4
fg=blue,bg=blue
magenta
fg=magenta,bg=magenta
5
fg=magenta,bg=magenta
cyan
fg=cyan,bg=cyan
6
fg=cyan,bg=cyan
white
fg=white,bg=white
7
fg=white,bg=white
default
default
8
default
brightblack
fg=brightblack,bg=brightblack
90
fg=brightblack,bg=brightblack
brightred
fg=brightred,bg=brightred
91
fg=brightred,bg=brightred
brightgreen
fg=brightgreen,bg=brightgreen
92
fg=brightgreen,bg=brightgreen
brightyellow
fg=brightyellow,bg=brightyellow
93
fg=brightyellow,bg=brightyellow
brightblue
fg=brightblue,bg=brightblue
94
fg=brightblue,bg=brightblue
brightmagenta
fg=brightmagenta,bg=brightmagenta
95
fg=brightmagenta,bg=brightmagenta
brightcyan
fg=brightcyan,bg=brightcyan
96
fg=brightcyan,bg=brightcyan
brightwhite
fg=brightwhite,bg=brightwhite
97
fg=brightwhite,bg=brightwhite
unknown
bad style: bg=unknown,fg=unknown
9
bad style: bg=9,fg=9
#000000
fg=colour16,bg=colour16
#00005f
fg=colour17,bg=colour17
#000087
fg=colour18,bg=colour18
#0000af
fg=colour19,bg=colour19
#0000d7
fg=colour20,bg=colour20
#0000ff
fg=colour21,bg=colour21
#005f00
fg=colour22,bg=colour22
#005f5f
fg=colour23,bg=colour23
#005f87
fg=colour24,bg=colour24
#005faf
fg=colour25,bg=colour25
#005fd7
fg=colour26,bg=colour26
#005fff
fg=colour27,bg=colour27
#008700
fg=colour28,bg=colour28
#00875f
fg=colour29,bg=colour29
#008787
fg=colour30,bg=colour30
#0087af
fg=colour31,bg=colour31
#0087d7
fg=colour32,bg=colour32
#0087ff
fg=colour33,bg=colour33
#00af00
fg=colour34,bg=colour34
#00af5f
fg=colour35,bg=colour35
#00af87
fg=colour36,bg=colour36
#00afaf
fg=colour37,bg=colour37
#00afd7
fg=colour38,bg=colour38
#00afff
fg=colour39,bg=colour39
#00d700
fg=colour40,bg=colour40
#00d75f
fg=colour41,bg=colour41
#00d787
fg=colour42,bg=colour42
#00d7af
fg=colour43,bg=colour43
#00d7d7
fg=colour44,bg=colour44
#00d7ff
fg=colour45,bg=colour45
#00ff00
fg=colour46,bg=colour46
#00ff5f
fg=colour47,bg=colour47
#00ff87
fg=colour48,bg=colour48
#00ffaf
fg=colour49,bg=colour49
#00ffd7
fg=colour50,bg=colour50
#00ffff
fg=colour51,bg=colour51
#080808
fg=colour232,bg=colour232
#121212
fg=colour233,bg=colour233
#1c1c1c
fg=colour234,bg=colour234
#262626
fg=colour235,bg=colour235
#303030
fg=colour236,bg=colour236
#3a3a3a
fg=colour237,bg=colour237
#444444
fg=colour238,bg=colour238
#4e4e4e
fg=colour239,bg=colour239
#585858
fg=colour240,bg=colour240
#5f0000
fg=colour52,bg=colour52
#5f005f
fg=colour53,bg=colour53
#5f0087
fg=colour54,bg=colour54
#5f00af
fg=colour55,bg=colour55
#5f00d7
fg=colour56,bg=colour56
#5f00ff
fg=colour57,bg=colour57
#5f5f00
fg=colour58,bg=colour58
#5f5f5f
fg=colour59,bg=colour59
#5f5f87
fg=colour60,bg=colour60
#5f5faf
fg=colour61,bg=colour61
#5f5fd7
fg=colour62,bg=colour62
#5f5fff
fg=colour63,bg=colour63
#5f8700
fg=colour64,bg=colour64
#5f875f
fg=colour65,bg=colour65
#5f8787
fg=colour66,bg=colour66
#5f87af
fg=colour67,bg=colour67
#5f87d7
fg=colour68,bg=colour68
#5f87ff
fg=colour69,bg=colour69
#5faf00
fg=colour70,bg=colour70
#5faf5f
fg=colour71,bg=colour71
#5faf87
fg=colour72,bg=colour72
#5fafaf
fg=colour73,bg=colour73
#5fafd7
fg=colour74,bg=colour74
#5fafff
fg=colour75,bg=colour75
#5fd700
fg=colour76,bg=colour76
#5fd75f
fg=colour77,bg=colour77
#5fd787
fg=colour78,bg=colour78
#5fd7af
fg=colour79,bg=colour79
#5fd7d7
fg=colour80,bg=colour80
#5fd7ff
fg=colour81,bg=colour81
#5fff00
fg=colour82,bg=colour82
#5fff5f
fg=colour83,bg=colour83
#5fff87
fg=colour84,bg=colour84
#5fffaf
fg=colour85,bg=colour85
#5fffd7
fg=colour86,bg=colour86
#5fffff
fg=colour87,bg=colour87
#626262
fg=colour241,bg=colour241
#6c6c6c
fg=colour242,bg=colour242
#767676
fg=colour243,bg=colour243
#808080
fg=colour244,bg=colour244
#870000
fg=colour88,bg=colour88
#87005f
fg=colour89,bg=colour89
#870087
fg=colour90,bg=colour90
#8700af
fg=colour91,bg=colour91
#8700d7
fg=colour92,bg=colour92
#8700ff
fg=colour93,bg=colour93
#875f00
fg=colour94,bg=colour94
#875f5f
fg=colour95,bg=colour95
#875f87
fg=colour96,bg=colour96
#875faf
fg=colour97,bg=colour97
#875fd7
fg=colour98,bg=colour98
#875fff
fg=colour99,bg=colour99
#878700
fg=colour100,bg=colour100
#87875f
fg=colour101,bg=colour101
#878787
fg=colour102,bg=colour102
#8787af
fg=colour103,bg=colour103
#8787d7
fg=colour104,bg=colour104
#8787ff
fg=colour105,bg=colour105
#87af00
fg=colour106,bg=colour106
#87af5f
fg=colour107,bg=colour107
#87af87
fg=colour108,bg=colour108
#87afaf
fg=colour109,bg=colour109
#87afd7
fg=colour110,bg=colour110
#87afff
fg=colour111,bg=colour111
#87d700
fg=colour112,bg=colour112
#87d75f
fg=colour113,bg=colour113
#87d787
fg=colour114,bg=colour114
#87d7af
fg=colour115,bg=colour115
#87d7d7
fg=colour116,bg=colour116
#87d7ff
fg=colour117,bg=colour117
#87ff00
fg=colour118,bg=colour118
#87ff5f
fg=colour119,bg=colour119
#87ff87
fg=colour120,bg=colour120
#87ffaf
fg=colour121,bg=colour121
#87ffd7
fg=colour122,bg=colour122
#87ffff
fg=colour123,bg=colour123
#8a8a8a
fg=colour245,bg=colour245
#949494
fg=colour246,bg=colour246
#9e9e9e
fg=colour247,bg=colour247
#a8a8a8
fg=colour248,bg=colour248
#af0000
fg=colour124,bg=colour124
#af005f
fg=colour125,bg=colour125
#af0087
fg=colour126,bg=colour126
#af00af
fg=colour127,bg=colour127
#af00d7
fg=colour128,bg=colour128
#af00ff
fg=colour129,bg=colour129
#af5f00
fg=colour130,bg=colour130
#af5f5f
fg=colour131,bg=colour131
#af5f87
fg=colour132,bg=colour132
#af5faf
fg=colour133,bg=colour133
#af5fd7
fg=colour134,bg=colour134
#af5fff
fg=colour135,bg=colour135
#af8700
fg=colour136,bg=colour136
#af875f
fg=colour137,bg=colour137
#af8787
fg=colour138,bg=colour138
#af87af
fg=colour139,bg=colour139
#af87d7
fg=colour140,bg=colour140
#af87ff
fg=colour141,bg=colour141
#afaf00
fg=colour142,bg=colour142
#afaf5f
fg=colour143,bg=colour143
#afaf87
fg=colour144,bg=colour144
#afafaf
fg=colour145,bg=colour145
#afafd7
fg=colour146,bg=colour146
#afafff
fg=colour147,bg=colour147
#afd700
fg=colour148,bg=colour148
#afd75f
fg=colour149,bg=colour149
#afd787
fg=colour150,bg=colour150
#afd7af
fg=colour151,bg=colour151
#afd7d7
fg=colour152,bg=colour152
#afd7ff
fg=colour153,bg=colour153
#afff00
fg=colour154,bg=colour154
#afff5f
fg=colour155,bg=colour155
#afff87
fg=colour156,bg=colour156
#afffaf
fg=colour157,bg=colour157
#afffd7
fg=colour158,bg=colour158
#afffff
fg=colour159,bg=colour159
#b2b2b2
fg=colour249,bg=colour249
#bcbcbc
fg=colour250,bg=colour250
#c6c6c6
fg=colour251,bg=colour251
#d0d0d0
fg=colour252,bg=colour252
#d70000
fg=colour160,bg=colour160
#d7005f
fg=colour161,bg=colour161
#d70087
fg=colour162,bg=colour162
#d700af
fg=colour163,bg=colour163
#d700d7
fg=colour164,bg=colour164
#d700ff
fg=colour165,bg=colour165
#d75f00
fg=colour166,bg=colour166
#d75f5f
fg=colour167,bg=colour167
#d75f87
fg=colour168,bg=colour168
#d75faf
fg=colour169,bg=colour169
#d75fd7
fg=colour170,bg=colour170
#d75fff
fg=colour171,bg=colour171
#d78700
fg=colour172,bg=colour172
#d7875f
fg=colour173,bg=colour173
#d78787
fg=colour174,bg=colour174
#d787af
fg=colour175,bg=colour175
#d787d7
fg=colour176,bg=colour176
#d787ff
fg=colour177,bg=colour177
#d7af00
fg=colour178,bg=colour178
#d7af5f
fg=colour179,bg=colour179
#d7af87
fg=colour180,bg=colour180
#d7afaf
fg=colour181,bg=colour181
#d7afd7
fg=colour182,bg=colour182
#d7afff
fg=colour183,bg=colour183
#d7d700
fg=colour184,bg=colour184
#d7d75f
fg=colour185,bg=colour185
#d7d787
fg=colour186,bg=colour186
#d7d7af
fg=colour187,bg=colour187
#d7d7d7
fg=colour188,bg=colour188
#d7d7ff
fg=colour189,bg=colour189
#d7ff00
fg=colour190,bg=colour190
#d7ff5f
fg=colour191,bg=colour191
#d7ff87
fg=colour192,bg=colour192
#d7ffaf
fg=colour193,bg=colour193
#d7ffd7
fg=colour194,bg=colour194
#d7ffff
fg=colour195,bg=colour195
#dadada
fg=colour253,bg=colour253
#e4e4e4
fg=colour254,bg=colour254
#eeeeee
fg=colour255,bg=colour255
#ff0000
fg=colour196,bg=colour196
#ff005f
fg=colour197,bg=colour197
#ff0087
fg=colour198,bg=colour198
#ff00af
fg=colour199,bg=colour199
#ff00d7
fg=colour200,bg=colour200
#ff00ff
fg=colour201,bg=colour201
#ff5f00
fg=colour202,bg=colour202
#ff5f5f
fg=colour203,bg=colour203
#ff5f87
fg=colour204,bg=colour204
#ff5faf
fg=colour205,bg=colour205
#ff5fd7
fg=colour206,bg=colour206
#ff5fff
fg=colour207,bg=colour207
#ff8700
fg=colour208,bg=colour208
#ff875f
fg=colour209,bg=colour209
#ff8787
fg=colour210,bg=colour210
#ff87af
fg=colour211,bg=colour211
#ff87d7
fg=colour212,bg=colour212
#ff87ff
fg=colour213,bg=colour213
#ffaf00
fg=colour214,bg=colour214
#ffaf5f
fg=colour215,bg=colour215
#ffaf87
fg=colour216,bg=colour216
#ffafaf
fg=colour217,bg=colour217
#ffafd7
fg=colour218,bg=colour218
#ffafff
fg=colour219,bg=colour219
#ffd700
fg=colour220,bg=colour220
#ffd75f
fg=colour221,bg=colour221
#ffd787
fg=colour222,bg=colour222
#ffd7af
fg=colour223,bg=colour223
#ffd7d7
fg=colour224,bg=colour224
#ffd7ff
fg=colour225,bg=colour225
#ffff00
fg=colour226,bg=colour226
#ffff5f
fg=colour227,bg=colour227
#ffff87
fg=colour228,bg=colour228
#ffffaf
fg=colour229,bg=colour229
#ffffd7
fg=colour230,bg=colour230
#ffffff
fg=colour231,bg=colour231
colour0
fg=colour0,bg=colour0
colour1
fg=colour1,bg=colour1
colour2
fg=colour2,bg=colour2
colour3
fg=colour3,bg=colour3
colour4
fg=colour4,bg=colour4
colour5
fg=colour5,bg=colour5
colour6
fg=colour6,bg=colour6
colour7
fg=colour7,bg=colour7
colour8
fg=colour8,bg=colour8
colour9
fg=colour9,bg=colour9
colour10
fg=colour10,bg=colour10
colour11
fg=colour11,bg=colour11
colour12
fg=colour12,bg=colour12
colour13
fg=colour13,bg=colour13
colour14
fg=colour14,bg=colour14
colour15
fg=colour15,bg=colour15
colour16
fg=colour16,bg=colour16
colour17
fg=colour17,bg=colour17
colour18
fg=colour18,bg=colour18
colour19
fg=colour19,bg=colour19
colour20
fg=colour20,bg=colour20
colour21
fg=colour21,bg=colour21
colour22
fg=colour22,bg=colour22
colour23
fg=colour23,bg=colour23
colour24
fg=colour24,bg=colour24
colour25
fg=colour25,bg=colour25
colour26
fg=colour26,bg=colour26
colour27
fg=colour27,bg=colour27
colour28
fg=colour28,bg=colour28
colour29
fg=colour29,bg=colour29
colour30
fg=colour30,bg=colour30
colour31
fg=colour31,bg=colour31
colour32
fg=colour32,bg=colour32
colour33
fg=colour33,bg=colour33
colour34
fg=colour34,bg=colour34
colour35
fg=colour35,bg=colour35
colour36
fg=colour36,bg=colour36
colour37
fg=colour37,bg=colour37
colour38
fg=colour38,bg=colour38
colour39
fg=colour39,bg=colour39
colour40
fg=colour40,bg=colour40
colour41
fg=colour41,bg=colour41
colour42
fg=colour42,bg=colour42
colour43
fg=colour43,bg=colour43
colour44
fg=colour44,bg=colour44
colour45
fg=colour45,bg=colour45
colour46
fg=colour46,bg=colour46
colour47
fg=colour47,bg=colour47
colour48
fg=colour48,bg=colour48
colour49
fg=colour49,bg=colour49
colour50
fg=colour50,bg=colour50
colour51
fg=colour51,bg=colour51
colour52
fg=colour52,bg=colour52
colour53
fg=colour53,bg=colour53
colour54
fg=colour54,bg=colour54
colour55
fg=colour55,bg=colour55
colour56
fg=colour56,bg=colour56
colour57
fg=colour57,bg=colour57
colour58
fg=colour58,bg=colour58
colour59
fg=colour59,bg=colour59
colour60
fg=colour60,bg=colour60
colour61
fg=colour61,bg=colour61
colour62
fg=colour62,bg=colour62
colour63
fg=colour63,bg=colour63
colour64
fg=colour64,bg=colour64
colour65
fg=colour65,bg=colour65
colour66
fg=colour66,bg=colour66
colour67
fg=colour67,bg=colour67
colour68
fg=colour68,bg=colour68
colour69
fg=colour69,bg=colour69
colour70
fg=colour70,bg=colour70
colour71
fg=colour71,bg=colour71
colour72
fg=colour72,bg=colour72
colour73
fg=colour73,bg=colour73
colour74
fg=colour74,bg=colour74
colour75
fg=colour75,bg=colour75
colour76
fg=colour76,bg=colour76
colour77
fg=colour77,bg=colour77
colour78
fg=colour78,bg=colour78
colour79
fg=colour79,bg=colour79
colour80
fg=colour80,bg=colour80
colour81
fg=colour81,bg=colour81
colour82
fg=colour82,bg=colour82
colour83
fg=colour83,bg=colour83
colour84
fg=colour84,bg=colour84
colour85
fg=colour85,bg=colour85
colour86
fg=colour86,bg=colour86
colour87
fg=colour87,bg=colour87
colour88
fg=colour88,bg=colour88
colour89
fg=colour89,bg=colour89
colour90
fg=colour90,bg=colour90
colour91
fg=colour91,bg=colour91
colour92
fg=colour92,bg=colour92
colour93
fg=colour93,bg=colour93
colour94
fg=colour94,bg=colour94
colour95
fg=colour95,bg=colour95
colour96
fg=colour96,bg=colour96
colour97
fg=colour97,bg=colour97
colour98
fg=colour98,bg=colour98
colour99
fg=colour99,bg=colour99
colour100
fg=colour100,bg=colour100
colour101
fg=colour101,bg=colour101
colour102
fg=colour102,bg=colour102
colour103
fg=colour103,bg=colour103
colour104
fg=colour104,bg=colour104
colour105
fg=colour105,bg=colour105
colour106
fg=colour106,bg=colour106
colour107
fg=colour107,bg=colour107
colour108
fg=colour108,bg=colour108
colour109
fg=colour109,bg=colour109
colour110
fg=colour110,bg=colour110
colour111
fg=colour111,bg=colour111
colour112
fg=colour112,bg=colour112
colour113
fg=colour113,bg=colour113
colour114
fg=colour114,bg=colour114
colour115
fg=colour115,bg=colour115
colour116
fg=colour116,bg=colour116
colour117
fg=colour117,bg=colour117
colour118
fg=colour118,bg=colour118
colour119
fg=colour119,bg=colour119
colour120
fg=colour120,bg=colour120
colour121
fg=colour121,bg=colour121
colour122
fg=colour122,bg=colour122
colour123
fg=colour123,bg=colour123
colour124
fg=colour124,bg=colour124
colour125
fg=colour125,bg=colour125
colour126
fg=colour126,bg=colour126
colour127
fg=colour127,bg=colour127
colour128
fg=colour128,bg=colour128
colour129
fg=colour129,bg=colour129
colour130
fg=colour130,bg=colour130
colour131
fg=colour131,bg=colour131
colour132
fg=colour132,bg=colour132
colour133
fg=colour133,bg=colour133
colour134
fg=colour134,bg=colour134
colour135
fg=colour135,bg=colour135
colour136
fg=colour136,bg=colour136
colour137
fg=colour137,bg=colour137
colour138
fg=colour138,bg=colour138
colour139
fg=colour139,bg=colour139
colour140
fg=colour140,bg=colour140
colour141
fg=colour141,bg=colour141
colour142
fg=colour142,bg=colour142
colour143
fg=colour143,bg=colour143
colour144
fg=colour144,bg=colour144
colour145
fg=colour145,bg=colour145
colour146
fg=colour146,bg=colour146
colour147
fg=colour147,bg=colour147
colour148
fg=colour148,bg=colour148
colour149
fg=colour149,bg=colour149
colour150
fg=colour150,bg=colour150
colour151
fg=colour151,bg=colour151
colour152
fg=colour152,bg=colour152
colour153
fg=colour153,bg=colour153
colour154
fg=colour154,bg=colour154
colour155
fg=colour155,bg=colour155
colour156
fg=colour156,bg=colour156
colour157
fg=colour157,bg=colour157
colour158
fg=colour158,bg=colour158
colour159
fg=colour159,bg=colour159
colour160
fg=colour160,bg=colour160
colour161
fg=colour161,bg=colour161
colour162
fg=colour162,bg=colour162
colour163
fg=colour163,bg=colour163
colour164
fg=colour164,bg=colour164
colour165
fg=colour165,bg=colour165
colour166
fg=colour166,bg=colour166
colour167
fg=colour167,bg=colour167
colour168
fg=colour168,bg=colour168
colour169
fg=colour169,bg=colour169
colour170
fg=colour170,bg=colour170
colour171
fg=colour171,bg=colour171
colour172
fg=colour172,bg=colour172
colour173
fg=colour173,bg=colour173
colour174
fg=colour174,bg=colour174
colour175
fg=colour175,bg=colour175
colour176
fg=colour176,bg=colour176
colour177
fg=colour177,bg=colour177
colour178
fg=colour178,bg=colour178
colour179
fg=colour179,bg=colour179
colour180
fg=colour180,bg=colour180
colour181
fg=colour181,bg=colour181
colour182
fg=colour182,bg=colour182
colour183
fg=colour183,bg=colour183
colour184
fg=colour184,bg=colour184
colour185
fg=colour185,bg=colour185
colour186
fg=colour186,bg=colour186
colour187
fg=colour187,bg=colour187
colour188
fg=colour188,bg=colour188
colour189
fg=colour189,bg=colour189
colour190
fg=colour190,bg=colour190
colour191
fg=colour191,bg=colour191
colour192
fg=colour192,bg=colour192
colour193
fg=colour193,bg=colour193
colour194
fg=colour194,bg=colour194
colour195
fg=colour195,bg=colour195
colour196
fg=colour196,bg=colour196
colour197
fg=colour197,bg=colour197
colour198
fg=colour198,bg=colour198
colour199
fg=colour199,bg=colour199
colour200
fg=colour200,bg=colour200
colour201
fg=colour201,bg=colour201
colour202
fg=colour202,bg=colour202
colour203
fg=colour203,bg=colour203
colour204
fg=colour204,bg=colour204
colour205
fg=colour205,bg=colour205
colour206
fg=colour206,bg=colour206
colour207
fg=colour207,bg=colour207
colour208
fg=colour208,bg=colour208
colour209
fg=colour209,bg=colour209
colour210
fg=colour210,bg=colour210
colour211
fg=colour211,bg=colour211
colour212
fg=colour212,bg=colour212
colour213
fg=colour213,bg=colour213
colour214
fg=colour214,bg=colour214
colour215
fg=colour215,bg=colour215
colour216
fg=colour216,bg=colour216
colour217
fg=colour217,bg=colour217
colour218
fg=colour218,bg=colour218
colour219
fg=colour219,bg=colour219
colour220
fg=colour220,bg=colour220
colour221
fg=colour221,bg=colour221
colour222
fg=colour222,bg=colour222
colour223
fg=colour223,bg=colour223
colour224
fg=colour224,bg=colour224
colour225
fg=colour225,bg=colour225
colour226
fg=colour226,bg=colour226
colour227
fg=colour227,bg=colour227
colour228
fg=colour228,bg=colour228
colour229
fg=colour229,bg=colour229
colour230
fg=colour230,bg=colour230
colour231
fg=colour231,bg=colour231
colour232
fg=colour232,bg=colour232
colour233
fg=colour233,bg=colour233
colour234
fg=colour234,bg=colour234
colour235
fg=colour235,bg=colour235
colour236
fg=colour236,bg=colour236
colour237
fg=colour237,bg=colour237
colour238
fg=colour238,bg=colour238
colour239
fg=colour239,bg=colour239
colour240
fg=colour240,bg=colour240
colour241
fg=colour241,bg=colour241
colour242
fg=colour242,bg=colour242
colour243
fg=colour243,bg=colour243
colour244
fg=colour244,bg=colour244
colour245
fg=colour245,bg=colour245
colour246
fg=colour246,bg=colour246
colour247
fg=colour247,bg=colour247
colour248
fg=colour248,bg=colour248
colour249
fg=colour249,bg=colour249
colour250
fg=colour250,bg=colour250
colour251
fg=colour251,bg=colour251
colour252
fg=colour252,bg=colour252
colour253
fg=colour253,bg=colour253
colour254
fg=colour254,bg=colour254
colour255
fg=colour255,bg=colour255
colour256
bad style: bg=colour256,fg=colour256
