status-keys emacs
mode-keys emacs
status-keys vi
mode-keys vi
status-keys vi
mode-keys vi
status-keys vi
mode-keys vi
status-keys emacs
mode-keys emacs
status-keys vi
mode-keys vi
status-keys emacs
mode-keys emacs
status-keys emacs
mode-keys emacs
status-keys emacs
mode-keys emacs
status-keys emacs
mode-keys emacs
status-keys emacs
mode-keys emacs
status-keys emacs
mode-keys emacs
status-keys emacs
mode-keys emacs
status-keys emacs
mode-keys emacs
status-keys emacs
mode-keys emacs
status-keys emacs
mode-keys emacs
status-keys vi
mode-keys vi
status-keys vi
mode-keys vi
status-keys vi
mode-keys vi
status-keys emacs
mode-keys emacs
status-keys vi
mode-keys vi
status-keys emacs
mode-keys emacs
status-keys emacs
mode-keys emacs
status-keys emacs
mode-keys emacs
status-keys emacs
mode-keys emacs
status-keys emacs
mode-keys emacs
status-keys emacs
mode-keys emacs
status-keys emacs
mode-keys emacs
status-keys emacs
mode-keys emacs
status-keys emacs
mode-keys emacs
status-keys emacs
mode-keys emacs
status-keys vi
mode-keys vi
status-keys emacs
mode-keys emacs
status-keys emacs
mode-keys emacs
status-keys emacs
mode-keys emacs
